// Jest Snapshot v1, https://goo.gl/fbAQLP

exports[`CICS define pipeline command should be able to display the help 1`] = `
"
 COMMAND NAME
 ------------

   pipeline | pi

 DESCRIPTION
 -----------

   Define a new pipeline resource to CICS. This processes incoming HTTP(S)
   requests

 USAGE
 -----

   zowe cics define pipeline <pipelineName> <csdGroup> [options]

 POSITIONAL ARGUMENTS
 --------------------

   pipelineName		 (string)

      The name of the pipeline to create. The maximum length of the urimap name is eight
      characters.

   csdGroup		 (string)

      The CICS system definition (CSD) Group for the new pipeline that you want to
      define. The maximum length of the group name is eight characters.

 REQUIRED OPTIONS
 ----------------

   --configfile  | --cf (string)

      The path of the configfile.

   --shelf (string)

      The path of the shelf.

 OPTIONS
 -------

   --wsdir (string)

      The path of the wsdir.

   --description  | --desc (string)

      Description of the pipeline resource being defined.

   --region-name  (string)

      The CICS region name to which to define the new pipeline.

   --cics-plex  (string)

      The name of the CICSPlex to which to define the new pipeline.

   --status  (boolean)

      Whether or not the pipeline is to be enabled on install by default.

      Default value: true

 CICS CONNECTION OPTIONS
 -----------------------

   --host  | -H (string)

      The CICS server host name.

   --port  | -P (number)

      The CICS server port.

      Default value: 443

   --user  | -u (string)

      Mainframe (CICS) user name, which can be the same as your TSO login.

   --password  | --pw (string)

      Mainframe (CICS) password, which can be the same as your TSO password.

   --reject-unauthorized  | --ru (boolean)

      Reject self-signed certificates.

      Default value: true

   --protocol  | -o (string)

      Specifies CMCI protocol (http or https).

      Default value: http
      Allowed values: http, https

 PROFILE OPTIONS
 ---------------

   --cics-profile  | --cics-p (string)

      The name of a (cics) profile to load for this command execution.

 GLOBAL OPTIONS
 --------------

   --response-format-json  | --rfj (boolean)

      Produce JSON formatted data from a command

   --help  | -h (boolean)

      Display help text

   --help-examples  (boolean)

      Display examples for all the commands in a the group

   --help-web  | --hw (boolean)

      Display HTML help in browser

 EXAMPLES
 --------

   - Define a PIPELINE named PIPLTEST for the pipeline configfile path 
   is : /u/exampleapp/CICSApp.xml,
   shelf file path is /u/exampleapp/shelf,
   wsdir binding file path is /u/exampleapp/wsdir,
   for region named MYREGION in the CSD group MYGRP where the host is
   www.example.com and the path is /example/index.html:

      $ zowe cics define pipeline PIPLTEST MYGRP --configfile /u/exampleapp/CICSApp.xml --shelf /u/exampleapp/shelf --pipeline-name PIPE123 --region-name MYREGION

"
`;
