// Jest Snapshot v1, https://goo.gl/fbAQLP

exports[`CICS delete web service command should be able to display the help 1`] = `
"
 COMMAND NAME
 ------------

   webservice | web

 DESCRIPTION
 -----------

   Delete a web service from CICS.

 USAGE
 -----

   zowe cics delete webservice <webserviceName> <csdGroup> [options]

 POSITIONAL ARGUMENTS
 --------------------

   webserviceName		 (string)

      The name of the web service to delete. The maximum length of the web service
      name is eight characters.

   csdGroup		 (string)

      The CICS system definition (CSD) Group for the web service that you want to
      delete. The maximum length of the group name is eight characters.

 OPTIONS
 -------

   --region-name  (string)

      The CICS region name from which to delete the web service

 CICS CONNECTION OPTIONS
 -----------------------

   --host  | -H (string)

      The CICS server host name.

   --port  | -P (number)

      The CICS server port.

      Default value: 443

   --user  | -u (string)

      Mainframe (CICS) user name, which can be the same as your TSO login.

   --password  | --pw (string)

      Mainframe (CICS) password, which can be the same as your TSO password.

   --reject-unauthorized  | --ru (boolean)

      Reject self-signed certificates.

      Default value: true

   --protocol  | -o (string)

      Specifies CMCI protocol (http or https).

      Default value: https
      Allowed values: http, https

 PROFILE OPTIONS
 ---------------

   --cics-profile  | --cics-p (string)

      The name of a (cics) profile to load for this command execution.

 GLOBAL OPTIONS
 --------------

   --response-format-json  | --rfj (boolean)

      Produce JSON formatted data from a command

   --help  | -h (boolean)

      Display help text

   --help-examples  (boolean)

      Display examples for all the commands in a the group

   --help-web  | --hw (boolean)

      Display HTML help in browser

 EXAMPLES
 --------

   - Delete a web service named WEBSVCA from the region named
   MYREGION belonging to the csdgroup MYGRP:

      $ zowe cics delete webservice WEBSVCA MYGRP --region-name MYREGION

"
`;
